// Jest Snapshot v1, https://goo.gl/fbAQLP

exports[`Brief architecture description-1 1`] = `null`;
