// Jest Snapshot v1, https://goo.gl/fbAQLP

exports[`Button-9 1`] = `
Array [
  <p>
    <a
      className="src-components-Button-styles__ButtonSecondary___2LSNC src-components-Button-styles__ButtonBase___1v26s src-components-common-styles-typography__fontFamilyButton___2qjax src-components-Button-styles__ButtonUppercase___1ayEg src-components-Button-styles__sizeS___3v_OT"
      href="#"
    >
      <span
        className="src-components-Button-styles__caption___23qri"
      >
        Press me
      </span>
    </a>
    <span>
       
    </span>
    <a
      className="src-components-Button-styles__Button___1kuOa src-components-Button-styles__ButtonBase___1v26s src-components-common-styles-typography__fontFamilyButton___2qjax src-components-Button-styles__ButtonUppercase___1ayEg src-components-Button-styles__sizeS___3v_OT"
      href="#"
    >
      <span
        className="src-components-Button-styles__caption___23qri"
      >
        Press me
      </span>
    </a>
    <span>
       
    </span>
    <a
      className="src-components-Button-styles__ButtonAction___gbyuL src-components-Button-styles__ButtonBase___1v26s src-components-common-styles-typography__fontFamilyButton___2qjax src-components-Button-styles__ButtonUppercase___1ayEg src-components-Button-styles__sizeS___3v_OT"
      href="#"
    >
      <span
        className="src-components-Button-styles__caption___23qri"
      >
        Press me
      </span>
    </a>
    <span>
       
    </span>
    <button
      className="src-components-Button-styles__ButtonMinor___14o2Y src-components-Button-styles__ButtonBase___1v26s src-components-common-styles-typography__fontFamilyButton___2qjax src-components-Button-styles__ButtonUppercase___1ayEg src-components-Button-styles__sizeS___3v_OT"
    >
      <span
        className="src-components-Button-styles__caption___23qri"
      >
        Press me
      </span>
    </button>
  </p>,
  <p>
    <a
      className="src-components-Button-styles__ButtonSecondary___2LSNC src-components-Button-styles__ButtonBase___1v26s src-components-common-styles-typography__fontFamilyButton___2qjax src-components-Button-styles__ButtonUppercase___1ayEg src-components-Button-styles__sizeM___3Iv3Y"
      href="#"
    >
      <span
        className="src-components-Button-styles__caption___23qri"
      >
        Press me
      </span>
    </a>
    <span>
       
    </span>
    <a
      className="src-components-Button-styles__Button___1kuOa src-components-Button-styles__ButtonBase___1v26s src-components-common-styles-typography__fontFamilyButton___2qjax src-components-Button-styles__ButtonUppercase___1ayEg src-components-Button-styles__sizeM___3Iv3Y"
      href="#"
    >
      <span
        className="src-components-Button-styles__caption___23qri"
      >
        Press me
      </span>
    </a>
    <span>
       
    </span>
    <a
      className="src-components-Button-styles__ButtonAction___gbyuL src-components-Button-styles__ButtonBase___1v26s src-components-common-styles-typography__fontFamilyButton___2qjax src-components-Button-styles__ButtonUppercase___1ayEg src-components-Button-styles__sizeM___3Iv3Y"
      href="#"
    >
      <span
        className="src-components-Button-styles__caption___23qri"
      >
        Press me
      </span>
    </a>
    <span>
       
    </span>
    <button
      className="src-components-Button-styles__ButtonMinor___14o2Y src-components-Button-styles__ButtonBase___1v26s src-components-common-styles-typography__fontFamilyButton___2qjax src-components-Button-styles__ButtonUppercase___1ayEg src-components-Button-styles__sizeM___3Iv3Y"
    >
      <span
        className="src-components-Button-styles__caption___23qri"
      >
        Press me
      </span>
    </button>
  </p>,
  <p>
    <a
      className="src-components-Button-styles__ButtonSecondary___2LSNC src-components-Button-styles__ButtonBase___1v26s src-components-common-styles-typography__fontFamilyButton___2qjax src-components-Button-styles__ButtonUppercase___1ayEg src-components-Button-styles__sizeL___3KjFL"
      href="#"
    >
      <span
        className="src-components-Button-styles__caption___23qri"
      >
        Press me
      </span>
    </a>
    <span>
       
    </span>
    <a
      className="src-components-Button-styles__Button___1kuOa src-components-Button-styles__ButtonBase___1v26s src-components-common-styles-typography__fontFamilyButton___2qjax src-components-Button-styles__ButtonUppercase___1ayEg src-components-Button-styles__sizeL___3KjFL"
      href="#"
    >
      <span
        className="src-components-Button-styles__caption___23qri"
      >
        Press me
      </span>
    </a>
    <span>
       
    </span>
    <a
      className="src-components-Button-styles__ButtonAction___gbyuL src-components-Button-styles__ButtonBase___1v26s src-components-common-styles-typography__fontFamilyButton___2qjax src-components-Button-styles__ButtonUppercase___1ayEg src-components-Button-styles__sizeL___3KjFL"
      href="#"
    >
      <span
        className="src-components-Button-styles__caption___23qri"
      >
        Press me
      </span>
    </a>
    <span>
       
    </span>
    <button
      className="src-components-Button-styles__ButtonMinor___14o2Y src-components-Button-styles__ButtonBase___1v26s src-components-common-styles-typography__fontFamilyButton___2qjax src-components-Button-styles__ButtonUppercase___1ayEg src-components-Button-styles__sizeL___3KjFL"
    >
      <span
        className="src-components-Button-styles__caption___23qri"
      >
        Press me
      </span>
    </button>
  </p>,
]
`;
