// Jest Snapshot v1, https://goo.gl/fbAQLP

exports[`GlobalActions-1 1`] = `
<div
  className="src-components-GlobalActions-styles__globalActions___20z6J"
>
  <div
    className="src-components-GlobalActions-styles__globalActionsContainer___3uzxJ"
  >
    <a
      className="src-components-GlobalActions-styles__buttonInstallSteam___1jhq6 src-components-GlobalActions-styles__action___1OLO8 src-components-Button-styles__ButtonAction___gbyuL src-components-Button-styles__ButtonBase___1v26s src-components-common-styles-typography__fontFamilyButton___2qjax src-components-Button-styles__sizeS___3v_OT src-components-Icons-styles__DownloadBefore___2C7lm src-components-Icons-styles__iconBefore___8sNmS src-components-Icons-styles__faSolidBefore___1SHEp"
      href="https://store.steampowered.com/about/"
    >
      <span
        className="src-components-Button-styles__caption___23qri"
      >
        Install Steam
      </span>
    </a>
    <a
      className="src-components-GlobalActions-styles__action___1OLO8 src-components-GlobalActions-styles__buttonLogin___M4qOG src-components-GlobalActions-styles__action___1OLO8 src-components-GlobalActions-styles__actionLink___1u28x src-components-common-styles-typography__fontFamilyMenu___TPnf8"
      href="#"
    >
      Login
    </a>
    <span
      className="src-components-GlobalActions-styles__separator___CvMKb src-components-GlobalActions-styles__action___1OLO8"
    >
      |
    </span>
    <div
      className="src-components-Pulldown-styles__Pulldown___3mAxJ"
    >
      <span
        className="src-components-GlobalActions-styles__buttonLanguage___2mxOI src-components-GlobalActions-styles__actionLink___1u28x src-components-common-styles-typography__fontFamilyMenu___TPnf8 src-components-Icons-styles__TriangleDownAfter___2bEzE src-components-Icons-styles__iconAfter___1eJ3U src-components-Icons-styles__faSolidAfter___180--"
      >
        Language
      </span>
      <div
        className="src-components-Pulldown-styles__popup___2wsay src-components-common-styles-zindex__zIndexPopup___1QOKW src-components-Pulldown-styles__popupAlignRight___1qxdQ src-components-Pulldown-styles__popupOpensDown___1OR6f"
      >
        <div
          className="src-components-ListView-styles__Menu___1Rjz4 src-components-common-styles-typography__fontFamilyMenu___TPnf8 src-components-LanguagesList-styles__LanguagesList___Kd7UR src-components-ListView-styles__MenuVertical___38s9a"
        >
          <a
            className="src-components-ListView-styles__MenuItem___vYAf1 src-components-LanguagesList-styles__language___GBIwT src-components-common-styles-typography__fontFamilyMenu___TPnf8"
            href="#lang=bulgarian"
          >
            Български (Bulgarian)
          </a>
          <a
            className="src-components-ListView-styles__MenuItem___vYAf1 src-components-LanguagesList-styles__language___GBIwT src-components-common-styles-typography__fontFamilyMenu___TPnf8"
            href="#lang=czech"
          >
            čeština (Czech)
          </a>
          <a
            className="src-components-ListView-styles__MenuItem___vYAf1 src-components-LanguagesList-styles__language___GBIwT src-components-common-styles-typography__fontFamilyMenu___TPnf8"
            href="#lang=russian"
          >
            Русский (Russian)
          </a>
        </div>
      </div>
    </div>
  </div>
</div>
`;
