// Jest Snapshot v1, https://goo.gl/fbAQLP

exports[`MenuProfile-0 1`] = `
<div
  className="src-components-ListView-styles__Menu___1Rjz4 src-components-common-styles-typography__fontFamilyMenu___TPnf8 src-components-MenuProfile-styles__userProfileMenu___3PiTC src-components-ListView-styles__MenuVertical___38s9a"
>
  <a
    className="src-components-MenuProfile-styles__userProfileMenuItem___3H4YQ"
    href="#"
  >
    Logout
  </a>
  <a
    className="src-components-MenuProfile-styles__userProfileMenuItem___3H4YQ"
    href="#"
  >
    Account details
  </a>
  <a
    className="src-components-MenuProfile-styles__userProfileMenuItem___3H4YQ"
    href="#"
  >
    Preferences
  </a>
  <div
    className="src-components-ListView-styles__MenuItem___vYAf1 src-components-Pulldown-styles__Pulldown___3mAxJ src-components-Pulldown-styles__typeHover___tJwdI"
  >
    <a
      className="src-components-MenuProfile-styles__userProfileMenuItem___3H4YQ"
      href="#"
    >
      Change language
    </a>
    <div
      className="src-components-Pulldown-styles__popup___2wsay src-components-common-styles-zindex__zIndexPopup___1QOKW src-components-Pulldown-styles__popupAlignUp___2DZHp src-components-Pulldown-styles__popupOpensLeft___XbAXW"
    >
      <div
        className="src-components-ListView-styles__Menu___1Rjz4 src-components-common-styles-typography__fontFamilyMenu___TPnf8 src-components-LanguagesList-styles__LanguagesList___Kd7UR src-components-ListView-styles__MenuVertical___38s9a"
      >
        <a
          className="src-components-ListView-styles__MenuItem___vYAf1 src-components-LanguagesList-styles__language___GBIwT src-components-common-styles-typography__fontFamilyMenu___TPnf8"
          href="#lang=bulgarian"
        >
          Български (Bulgarian)
        </a>
        <a
          className="src-components-ListView-styles__MenuItem___vYAf1 src-components-LanguagesList-styles__language___GBIwT src-components-common-styles-typography__fontFamilyMenu___TPnf8"
          href="#lang=czech"
        >
          čeština (Czech)
        </a>
        <a
          className="src-components-ListView-styles__MenuItem___vYAf1 src-components-LanguagesList-styles__language___GBIwT src-components-common-styles-typography__fontFamilyMenu___TPnf8"
          href="#lang=russian"
        >
          Русский (Russian)
        </a>
      </div>
    </div>
  </div>
  <a
    className="src-components-MenuProfile-styles__userProfileMenuItem___3H4YQ"
    href="#"
  >
    View profile
  </a>
</div>
`;
