// Jest Snapshot v1, https://goo.gl/fbAQLP

exports[`Overview-1 1`] = `null`;
