// Jest Snapshot v1, https://goo.gl/fbAQLP

exports[`StoreSpecialOffers-0 1`] = `
<div
  style={
    Object {
      "textAlign": "center",
    }
  }
>
  <section
    className="src-components-StoreSpecialOffers-styles__StoreSpecialOffers___37P3Q"
  >
    <header
      className="src-components-StoreSpecialOffers-styles__header___2KLkV src-components-common-styles-typography__storeFrontHeading___trDYD src-components-common-styles-typography__fontFamilyMenu___TPnf8"
    >
      Special offers
    </header>
    <div
      className="src-components-Carousel-styles__Carousel___1dNTQ"
    >
      <div
        className="src-components-Carousel-styles__items___2z4ws"
      >
        <div
          className="src-components-Carousel-styles__item___yuFUE src-components-Carousel-styles__itemFocused___1PYU7"
        >
          <div
            className="src-components-StoreSpecialOffers-styles__page___3-vae"
          >
            <a
              className="src-components-StoreSpecialOffers-styles__spotlight___JgLmQ src-components-StoreCapsuleM-styles__StoreCapsuleM___3Cbjr src-components-common-styles-typography__fontFamilyCapsule___3HgYh"
              href="#"
            >
              <img
                className="src-components-StoreCapsuleM-styles__picture___3dLbL"
                src="/screenshots/spotlight_image.jpg"
              />
              <div
                className="src-components-StoreCapsuleM-styles__info___1Vd0Q"
              >
                <h2
                  className="src-components-StoreCapsuleM-styles__name___3leNq"
                >
                  Free weekend
                </h2>
                <p
                  className="src-components-StoreCapsuleM-styles__body___3788Q"
                >
                  Play for free until Sunday at 1PM Pacific Time
                </p>
                <div
                  className="src-components-StorePriceInfo-styles__StorePriceInfoDiscount___w_a2w src-components-StorePriceInfo-styles__StorePriceInfo___3mzqO src-components-common-styles-typography__fontFamilyCapsule___3HgYh src-components-StorePriceInfo-styles__sizeM___3OgPK"
                >
                  <div
                    className="src-components-StorePriceInfo-styles__discount___W1b8o"
                  >
                    -66%
                  </div>
                  <div
                    className="src-components-StorePriceInfo-styles__prices___2CCDC"
                  >
                    <div
                      className="src-components-StorePriceInfo-styles__priceOriginal___1TlYx"
                    >
                      $29.99
                    </div>
                    <div
                      className="src-components-StorePriceInfo-styles__priceFinal___suo-c"
                    >
                      $9.99
                    </div>
                  </div>
                </div>
              </div>
            </a>
            <a
              className="src-components-StoreSpecialOffers-styles__normal___3c5VO src-components-StoreCapsuleS-styles__StoreCapsuleS___3bYKa"
              href="#"
            >
              <img
                className="src-components-StoreCapsuleS-styles__picture___2_b03"
                src="/screenshots/capsule_s_image.jpg"
              />
              <div
                className="src-components-StoreCapsuleS-styles__info___3nzEm"
              >
                <div
                  className="src-components-StorePriceInfo-styles__StorePriceInfoDiscount___w_a2w src-components-StorePriceInfo-styles__StorePriceInfo___3mzqO src-components-common-styles-typography__fontFamilyCapsule___3HgYh src-components-StorePriceInfo-styles__sizeM___3OgPK"
                >
                  <div
                    className="src-components-StorePriceInfo-styles__discount___W1b8o"
                  >
                    -66%
                  </div>
                  <div
                    className="src-components-StorePriceInfo-styles__prices___2CCDC"
                  >
                    <div
                      className="src-components-StorePriceInfo-styles__priceOriginal___1TlYx"
                    >
                      $29.99
                    </div>
                    <div
                      className="src-components-StorePriceInfo-styles__priceFinal___suo-c"
                    >
                      $9.99
                    </div>
                  </div>
                </div>
              </div>
            </a>
            <a
              className="src-components-StoreSpecialOffers-styles__normal___3c5VO src-components-StoreCapsuleS-styles__StoreCapsuleS___3bYKa"
              href="#"
            >
              <img
                className="src-components-StoreCapsuleS-styles__picture___2_b03"
                src="/screenshots/capsule_s_image.jpg"
              />
              <div
                className="src-components-StoreCapsuleS-styles__info___3nzEm"
              >
                <div
                  className="src-components-StorePriceInfo-styles__StorePriceInfoDiscount___w_a2w src-components-StorePriceInfo-styles__StorePriceInfo___3mzqO src-components-common-styles-typography__fontFamilyCapsule___3HgYh src-components-StorePriceInfo-styles__sizeM___3OgPK"
                >
                  <div
                    className="src-components-StorePriceInfo-styles__discount___W1b8o"
                  >
                    -66%
                  </div>
                  <div
                    className="src-components-StorePriceInfo-styles__prices___2CCDC"
                  >
                    <div
                      className="src-components-StorePriceInfo-styles__priceOriginal___1TlYx"
                    >
                      $29.99
                    </div>
                    <div
                      className="src-components-StorePriceInfo-styles__priceFinal___suo-c"
                    >
                      $9.99
                    </div>
                  </div>
                </div>
              </div>
            </a>
            <a
              className="src-components-StoreSpecialOffers-styles__normal___3c5VO src-components-StoreCapsuleS-styles__StoreCapsuleS___3bYKa"
              href="#"
            >
              <img
                className="src-components-StoreCapsuleS-styles__picture___2_b03"
                src="/screenshots/capsule_s_image.jpg"
              />
              <div
                className="src-components-StoreCapsuleS-styles__info___3nzEm"
              >
                <div
                  className="src-components-StorePriceInfo-styles__StorePriceInfoDiscount___w_a2w src-components-StorePriceInfo-styles__StorePriceInfo___3mzqO src-components-common-styles-typography__fontFamilyCapsule___3HgYh src-components-StorePriceInfo-styles__sizeM___3OgPK"
                >
                  <div
                    className="src-components-StorePriceInfo-styles__discount___W1b8o"
                  >
                    -66%
                  </div>
                  <div
                    className="src-components-StorePriceInfo-styles__prices___2CCDC"
                  >
                    <div
                      className="src-components-StorePriceInfo-styles__priceOriginal___1TlYx"
                    >
                      $29.99
                    </div>
                    <div
                      className="src-components-StorePriceInfo-styles__priceFinal___suo-c"
                    >
                      $9.99
                    </div>
                  </div>
                </div>
              </div>
            </a>
            <a
              className="src-components-StoreSpecialOffers-styles__normal___3c5VO src-components-StoreCapsuleS-styles__StoreCapsuleS___3bYKa"
              href="#"
            >
              <img
                className="src-components-StoreCapsuleS-styles__picture___2_b03"
                src="/screenshots/capsule_s_image.jpg"
              />
              <div
                className="src-components-StoreCapsuleS-styles__info___3nzEm"
              >
                <div
                  className="src-components-StorePriceInfo-styles__StorePriceInfoDiscount___w_a2w src-components-StorePriceInfo-styles__StorePriceInfo___3mzqO src-components-common-styles-typography__fontFamilyCapsule___3HgYh src-components-StorePriceInfo-styles__sizeM___3OgPK"
                >
                  <div
                    className="src-components-StorePriceInfo-styles__discount___W1b8o"
                  >
                    -66%
                  </div>
                  <div
                    className="src-components-StorePriceInfo-styles__prices___2CCDC"
                  >
                    <div
                      className="src-components-StorePriceInfo-styles__priceOriginal___1TlYx"
                    >
                      $29.99
                    </div>
                    <div
                      className="src-components-StorePriceInfo-styles__priceFinal___suo-c"
                    >
                      $9.99
                    </div>
                  </div>
                </div>
              </div>
            </a>
          </div>
        </div>
        <div
          className="src-components-Carousel-styles__item___yuFUE"
        >
          <div
            className="src-components-StoreSpecialOffers-styles__page___3-vae"
          >
            <a
              className="src-components-StoreSpecialOffers-styles__normal___3c5VO src-components-StoreCapsuleS-styles__StoreCapsuleS___3bYKa"
              href="#"
            >
              <img
                className="src-components-StoreCapsuleS-styles__picture___2_b03"
                src="/screenshots/capsule_s_image.jpg"
              />
              <div
                className="src-components-StoreCapsuleS-styles__info___3nzEm"
              >
                <div
                  className="src-components-StorePriceInfo-styles__StorePriceInfoDiscount___w_a2w src-components-StorePriceInfo-styles__StorePriceInfo___3mzqO src-components-common-styles-typography__fontFamilyCapsule___3HgYh src-components-StorePriceInfo-styles__sizeM___3OgPK"
                >
                  <div
                    className="src-components-StorePriceInfo-styles__discount___W1b8o"
                  >
                    -66%
                  </div>
                  <div
                    className="src-components-StorePriceInfo-styles__prices___2CCDC"
                  >
                    <div
                      className="src-components-StorePriceInfo-styles__priceOriginal___1TlYx"
                    >
                      $29.99
                    </div>
                    <div
                      className="src-components-StorePriceInfo-styles__priceFinal___suo-c"
                    >
                      $9.99
                    </div>
                  </div>
                </div>
              </div>
            </a>
            <a
              className="src-components-StoreSpecialOffers-styles__normal___3c5VO src-components-StoreCapsuleS-styles__StoreCapsuleS___3bYKa"
              href="#"
            >
              <img
                className="src-components-StoreCapsuleS-styles__picture___2_b03"
                src="/screenshots/capsule_s_image.jpg"
              />
              <div
                className="src-components-StoreCapsuleS-styles__info___3nzEm"
              >
                <div
                  className="src-components-StorePriceInfo-styles__StorePriceInfoDiscount___w_a2w src-components-StorePriceInfo-styles__StorePriceInfo___3mzqO src-components-common-styles-typography__fontFamilyCapsule___3HgYh src-components-StorePriceInfo-styles__sizeM___3OgPK"
                >
                  <div
                    className="src-components-StorePriceInfo-styles__discount___W1b8o"
                  >
                    -66%
                  </div>
                  <div
                    className="src-components-StorePriceInfo-styles__prices___2CCDC"
                  >
                    <div
                      className="src-components-StorePriceInfo-styles__priceOriginal___1TlYx"
                    >
                      $29.99
                    </div>
                    <div
                      className="src-components-StorePriceInfo-styles__priceFinal___suo-c"
                    >
                      $9.99
                    </div>
                  </div>
                </div>
              </div>
            </a>
            <a
              className="src-components-StoreSpecialOffers-styles__normal___3c5VO src-components-StoreCapsuleS-styles__StoreCapsuleS___3bYKa"
              href="#"
            >
              <img
                className="src-components-StoreCapsuleS-styles__picture___2_b03"
                src="/screenshots/capsule_s_image.jpg"
              />
              <div
                className="src-components-StoreCapsuleS-styles__info___3nzEm"
              >
                <div
                  className="src-components-StorePriceInfo-styles__StorePriceInfoDiscount___w_a2w src-components-StorePriceInfo-styles__StorePriceInfo___3mzqO src-components-common-styles-typography__fontFamilyCapsule___3HgYh src-components-StorePriceInfo-styles__sizeM___3OgPK"
                >
                  <div
                    className="src-components-StorePriceInfo-styles__discount___W1b8o"
                  >
                    -66%
                  </div>
                  <div
                    className="src-components-StorePriceInfo-styles__prices___2CCDC"
                  >
                    <div
                      className="src-components-StorePriceInfo-styles__priceOriginal___1TlYx"
                    >
                      $29.99
                    </div>
                    <div
                      className="src-components-StorePriceInfo-styles__priceFinal___suo-c"
                    >
                      $9.99
                    </div>
                  </div>
                </div>
              </div>
            </a>
            <a
              className="src-components-StoreSpecialOffers-styles__normal___3c5VO src-components-StoreCapsuleS-styles__StoreCapsuleS___3bYKa"
              href="#"
            >
              <img
                className="src-components-StoreCapsuleS-styles__picture___2_b03"
                src="/screenshots/capsule_s_image.jpg"
              />
              <div
                className="src-components-StoreCapsuleS-styles__info___3nzEm"
              >
                <div
                  className="src-components-StorePriceInfo-styles__StorePriceInfoDiscount___w_a2w src-components-StorePriceInfo-styles__StorePriceInfo___3mzqO src-components-common-styles-typography__fontFamilyCapsule___3HgYh src-components-StorePriceInfo-styles__sizeM___3OgPK"
                >
                  <div
                    className="src-components-StorePriceInfo-styles__discount___W1b8o"
                  >
                    -66%
                  </div>
                  <div
                    className="src-components-StorePriceInfo-styles__prices___2CCDC"
                  >
                    <div
                      className="src-components-StorePriceInfo-styles__priceOriginal___1TlYx"
                    >
                      $29.99
                    </div>
                    <div
                      className="src-components-StorePriceInfo-styles__priceFinal___suo-c"
                    >
                      $9.99
                    </div>
                  </div>
                </div>
              </div>
            </a>
            <a
              className="src-components-StoreSpecialOffers-styles__normal___3c5VO src-components-StoreCapsuleS-styles__StoreCapsuleS___3bYKa"
              href="#"
            >
              <img
                className="src-components-StoreCapsuleS-styles__picture___2_b03"
                src="/screenshots/capsule_s_image.jpg"
              />
              <div
                className="src-components-StoreCapsuleS-styles__info___3nzEm"
              >
                <div
                  className="src-components-StorePriceInfo-styles__StorePriceInfoDiscount___w_a2w src-components-StorePriceInfo-styles__StorePriceInfo___3mzqO src-components-common-styles-typography__fontFamilyCapsule___3HgYh src-components-StorePriceInfo-styles__sizeM___3OgPK"
                >
                  <div
                    className="src-components-StorePriceInfo-styles__discount___W1b8o"
                  >
                    -66%
                  </div>
                  <div
                    className="src-components-StorePriceInfo-styles__prices___2CCDC"
                  >
                    <div
                      className="src-components-StorePriceInfo-styles__priceOriginal___1TlYx"
                    >
                      $29.99
                    </div>
                    <div
                      className="src-components-StorePriceInfo-styles__priceFinal___suo-c"
                    >
                      $9.99
                    </div>
                  </div>
                </div>
              </div>
            </a>
            <a
              className="src-components-StoreSpecialOffers-styles__normal___3c5VO src-components-StoreCapsuleS-styles__StoreCapsuleS___3bYKa"
              href="#"
            >
              <img
                className="src-components-StoreCapsuleS-styles__picture___2_b03"
                src="/screenshots/capsule_s_image.jpg"
              />
              <div
                className="src-components-StoreCapsuleS-styles__info___3nzEm"
              >
                <div
                  className="src-components-StorePriceInfo-styles__StorePriceInfoDiscount___w_a2w src-components-StorePriceInfo-styles__StorePriceInfo___3mzqO src-components-common-styles-typography__fontFamilyCapsule___3HgYh src-components-StorePriceInfo-styles__sizeM___3OgPK"
                >
                  <div
                    className="src-components-StorePriceInfo-styles__discount___W1b8o"
                  >
                    -66%
                  </div>
                  <div
                    className="src-components-StorePriceInfo-styles__prices___2CCDC"
                  >
                    <div
                      className="src-components-StorePriceInfo-styles__priceOriginal___1TlYx"
                    >
                      $29.99
                    </div>
                    <div
                      className="src-components-StorePriceInfo-styles__priceFinal___suo-c"
                    >
                      $9.99
                    </div>
                  </div>
                </div>
              </div>
            </a>
          </div>
        </div>
        <div
          className="src-components-Carousel-styles__item___yuFUE"
        >
          <div
            className="src-components-StoreSpecialOffers-styles__page___3-vae"
          >
            <a
              className="src-components-StoreSpecialOffers-styles__normal___3c5VO src-components-StoreCapsuleS-styles__StoreCapsuleS___3bYKa"
              href="#"
            >
              <img
                className="src-components-StoreCapsuleS-styles__picture___2_b03"
                src="/screenshots/capsule_s_image.jpg"
              />
              <div
                className="src-components-StoreCapsuleS-styles__info___3nzEm"
              >
                <div
                  className="src-components-StorePriceInfo-styles__StorePriceInfoDiscount___w_a2w src-components-StorePriceInfo-styles__StorePriceInfo___3mzqO src-components-common-styles-typography__fontFamilyCapsule___3HgYh src-components-StorePriceInfo-styles__sizeM___3OgPK"
                >
                  <div
                    className="src-components-StorePriceInfo-styles__discount___W1b8o"
                  >
                    -66%
                  </div>
                  <div
                    className="src-components-StorePriceInfo-styles__prices___2CCDC"
                  >
                    <div
                      className="src-components-StorePriceInfo-styles__priceOriginal___1TlYx"
                    >
                      $29.99
                    </div>
                    <div
                      className="src-components-StorePriceInfo-styles__priceFinal___suo-c"
                    >
                      $9.99
                    </div>
                  </div>
                </div>
              </div>
            </a>
            <a
              className="src-components-StoreSpecialOffers-styles__normal___3c5VO src-components-StoreCapsuleS-styles__StoreCapsuleS___3bYKa"
              href="#"
            >
              <img
                className="src-components-StoreCapsuleS-styles__picture___2_b03"
                src="/screenshots/capsule_s_image.jpg"
              />
              <div
                className="src-components-StoreCapsuleS-styles__info___3nzEm"
              >
                <div
                  className="src-components-StorePriceInfo-styles__StorePriceInfoDiscount___w_a2w src-components-StorePriceInfo-styles__StorePriceInfo___3mzqO src-components-common-styles-typography__fontFamilyCapsule___3HgYh src-components-StorePriceInfo-styles__sizeM___3OgPK"
                >
                  <div
                    className="src-components-StorePriceInfo-styles__discount___W1b8o"
                  >
                    -66%
                  </div>
                  <div
                    className="src-components-StorePriceInfo-styles__prices___2CCDC"
                  >
                    <div
                      className="src-components-StorePriceInfo-styles__priceOriginal___1TlYx"
                    >
                      $29.99
                    </div>
                    <div
                      className="src-components-StorePriceInfo-styles__priceFinal___suo-c"
                    >
                      $9.99
                    </div>
                  </div>
                </div>
              </div>
            </a>
            <a
              className="src-components-StoreSpecialOffers-styles__normal___3c5VO src-components-StoreCapsuleS-styles__StoreCapsuleS___3bYKa"
              href="#"
            >
              <img
                className="src-components-StoreCapsuleS-styles__picture___2_b03"
                src="/screenshots/capsule_s_image.jpg"
              />
              <div
                className="src-components-StoreCapsuleS-styles__info___3nzEm"
              >
                <div
                  className="src-components-StorePriceInfo-styles__StorePriceInfoDiscount___w_a2w src-components-StorePriceInfo-styles__StorePriceInfo___3mzqO src-components-common-styles-typography__fontFamilyCapsule___3HgYh src-components-StorePriceInfo-styles__sizeM___3OgPK"
                >
                  <div
                    className="src-components-StorePriceInfo-styles__discount___W1b8o"
                  >
                    -66%
                  </div>
                  <div
                    className="src-components-StorePriceInfo-styles__prices___2CCDC"
                  >
                    <div
                      className="src-components-StorePriceInfo-styles__priceOriginal___1TlYx"
                    >
                      $29.99
                    </div>
                    <div
                      className="src-components-StorePriceInfo-styles__priceFinal___suo-c"
                    >
                      $9.99
                    </div>
                  </div>
                </div>
              </div>
            </a>
            <a
              className="src-components-StoreSpecialOffers-styles__normal___3c5VO src-components-StoreCapsuleS-styles__StoreCapsuleS___3bYKa"
              href="#"
            >
              <img
                className="src-components-StoreCapsuleS-styles__picture___2_b03"
                src="/screenshots/capsule_s_image.jpg"
              />
              <div
                className="src-components-StoreCapsuleS-styles__info___3nzEm"
              >
                <div
                  className="src-components-StorePriceInfo-styles__StorePriceInfoDiscount___w_a2w src-components-StorePriceInfo-styles__StorePriceInfo___3mzqO src-components-common-styles-typography__fontFamilyCapsule___3HgYh src-components-StorePriceInfo-styles__sizeM___3OgPK"
                >
                  <div
                    className="src-components-StorePriceInfo-styles__discount___W1b8o"
                  >
                    -66%
                  </div>
                  <div
                    className="src-components-StorePriceInfo-styles__prices___2CCDC"
                  >
                    <div
                      className="src-components-StorePriceInfo-styles__priceOriginal___1TlYx"
                    >
                      $29.99
                    </div>
                    <div
                      className="src-components-StorePriceInfo-styles__priceFinal___suo-c"
                    >
                      $9.99
                    </div>
                  </div>
                </div>
              </div>
            </a>
            <a
              className="src-components-StoreSpecialOffers-styles__normal___3c5VO src-components-StoreCapsuleS-styles__StoreCapsuleS___3bYKa"
              href="#"
            >
              <img
                className="src-components-StoreCapsuleS-styles__picture___2_b03"
                src="/screenshots/capsule_s_image.jpg"
              />
              <div
                className="src-components-StoreCapsuleS-styles__info___3nzEm"
              >
                <div
                  className="src-components-StorePriceInfo-styles__StorePriceInfoDiscount___w_a2w src-components-StorePriceInfo-styles__StorePriceInfo___3mzqO src-components-common-styles-typography__fontFamilyCapsule___3HgYh src-components-StorePriceInfo-styles__sizeM___3OgPK"
                >
                  <div
                    className="src-components-StorePriceInfo-styles__discount___W1b8o"
                  >
                    -66%
                  </div>
                  <div
                    className="src-components-StorePriceInfo-styles__prices___2CCDC"
                  >
                    <div
                      className="src-components-StorePriceInfo-styles__priceOriginal___1TlYx"
                    >
                      $29.99
                    </div>
                    <div
                      className="src-components-StorePriceInfo-styles__priceFinal___suo-c"
                    >
                      $9.99
                    </div>
                  </div>
                </div>
              </div>
            </a>
            <a
              className="src-components-StoreSpecialOffers-styles__normal___3c5VO src-components-StoreCapsuleS-styles__StoreCapsuleS___3bYKa"
              href="#"
            >
              <img
                className="src-components-StoreCapsuleS-styles__picture___2_b03"
                src="/screenshots/capsule_s_image.jpg"
              />
              <div
                className="src-components-StoreCapsuleS-styles__info___3nzEm"
              >
                <div
                  className="src-components-StorePriceInfo-styles__StorePriceInfoDiscount___w_a2w src-components-StorePriceInfo-styles__StorePriceInfo___3mzqO src-components-common-styles-typography__fontFamilyCapsule___3HgYh src-components-StorePriceInfo-styles__sizeM___3OgPK"
                >
                  <div
                    className="src-components-StorePriceInfo-styles__discount___W1b8o"
                  >
                    -66%
                  </div>
                  <div
                    className="src-components-StorePriceInfo-styles__prices___2CCDC"
                  >
                    <div
                      className="src-components-StorePriceInfo-styles__priceOriginal___1TlYx"
                    >
                      $29.99
                    </div>
                    <div
                      className="src-components-StorePriceInfo-styles__priceFinal___suo-c"
                    >
                      $9.99
                    </div>
                  </div>
                </div>
              </div>
            </a>
          </div>
        </div>
        <div
          className="src-components-Carousel-styles__arrowLeft___17IKF"
        />
        <div
          className="src-components-Carousel-styles__arrowRight___bMbHz"
        />
      </div>
      <div
        className="src-components-Carousel-styles__thumbs___Kdkhx"
      >
        <div
          className="src-components-Carousel-styles__thumb___9nFNy src-components-Carousel-styles__thumbFocused___3eboS"
        />
        <div
          className="src-components-Carousel-styles__thumb___9nFNy"
        />
        <div
          className="src-components-Carousel-styles__thumb___9nFNy"
        />
      </div>
    </div>
  </section>
</div>
`;
