// Jest Snapshot v1, https://goo.gl/fbAQLP

exports[`StoreThrobber-0 1`] = `
<div
  className="src-components-StoreThrobber-styles__StoreThrobber___1aLvL"
>
  <div
    className="src-components-StoreThrobber-styles__bar___AGddG"
  />
  <div
    className="src-components-StoreThrobber-styles__bar___AGddG"
  />
  <div
    className="src-components-StoreThrobber-styles__bar___AGddG"
  />
</div>
`;
