// Jest Snapshot v1, https://goo.gl/fbAQLP

exports[`StoreCapsuleL-3 1`] = `
<a
  className="src-components-StoreCapsuleL-styles__StoreCapsule___1HEcB"
  href="#"
>
  <div
    className="src-components-StoreCapsuleL-styles__pictureMain___1MmgV src-components-StoreCapsuleL-styles__pictureMainCurrent___hVylt"
    style={
      Object {
        "backgroundImage": "url('/screenshots/hl3_00.jpg')",
      }
    }
  />
  <div
    className="src-components-StoreCapsuleL-styles__pictureMain___1MmgV"
    style={
      Object {
        "backgroundImage": "url('/screenshots/hl3_01.jpg')",
      }
    }
  />
  <div
    className="src-components-StoreCapsuleL-styles__pictureMain___1MmgV"
    style={
      Object {
        "backgroundImage": "url('/screenshots/hl3_02.jpg')",
      }
    }
  />
  <div
    className="src-components-StoreCapsuleL-styles__pictureMain___1MmgV"
    style={
      Object {
        "backgroundImage": "url('/screenshots/hl3_03.jpg')",
      }
    }
  />
  <div
    className="src-components-StoreCapsuleL-styles__pictureMain___1MmgV"
    style={
      Object {
        "backgroundImage": "url('/screenshots/hl3_04.jpg')",
      }
    }
  />
  <div
    className="src-components-StoreCapsuleL-styles__info___1-3r_ src-components-common-styles-typography__fontFamilyCapsule___3HgYh"
  >
    <div
      className="src-components-StoreCapsuleL-styles__infoBody___1FqCu"
    >
      <div
        className="src-components-StoreCapsuleL-styles__productName___3CkRu"
      >
        Half-Life 3: There and Back Again
      </div>
      <div
        className="src-components-StoreCapsuleL-styles__pictures___3fXQN"
      >
        <div
          className="src-components-StoreCapsuleL-styles__pictureSecondaryWrapper___3fNV4"
        >
          <div
            className="src-components-StoreCapsuleL-styles__pictureSecondary___3Mgm2"
            style={
              Object {
                "backgroundImage": "url('/screenshots/hl3_01.jpg')",
              }
            }
          />
        </div>
        <div
          className="src-components-StoreCapsuleL-styles__pictureSecondaryWrapper___3fNV4"
        >
          <div
            className="src-components-StoreCapsuleL-styles__pictureSecondary___3Mgm2"
            style={
              Object {
                "backgroundImage": "url('/screenshots/hl3_02.jpg')",
              }
            }
          />
        </div>
        <div
          className="src-components-StoreCapsuleL-styles__pictureSecondaryWrapper___3fNV4"
        >
          <div
            className="src-components-StoreCapsuleL-styles__pictureSecondary___3Mgm2"
            style={
              Object {
                "backgroundImage": "url('/screenshots/hl3_03.jpg')",
              }
            }
          />
        </div>
        <div
          className="src-components-StoreCapsuleL-styles__pictureSecondaryWrapper___3fNV4"
        >
          <div
            className="src-components-StoreCapsuleL-styles__pictureSecondary___3Mgm2"
            style={
              Object {
                "backgroundImage": "url('/screenshots/hl3_04.jpg')",
              }
            }
          />
        </div>
      </div>
      <div
        className="src-components-StoreCapsuleL-styles__reason___3P7L9 src-components-StoreCapsuleL-styles__reasonByCurator___3pa6A"
      >
        <div
          className="src-components-StoreCapsuleL-styles__reasonAvatar___3dDfz src-components-UserAvatar-styles__sizeM___1DjSi src-components-UserAvatar-styles__UserAvatar___eVBHf"
        >
          <img
            className="src-components-UserAvatar-styles__userPic___3nQ1i"
          />
        </div>
        <div
          className="src-components-StoreCapsuleL-styles__reasonText___25baO"
        >
          <strong>
            Recommended
          </strong>
           by 
          <br />
          IGN
        </div>
      </div>
    </div>
    <div
      className="src-components-StoreCapsuleL-styles__infoFooter___sAvN2"
    >
      <div
        className="src-components-StorePriceInfo-styles__StorePriceInfoNormal___2s64J src-components-StorePriceInfo-styles__StorePriceInfo___3mzqO src-components-common-styles-typography__fontFamilyCapsule___3HgYh src-components-StorePriceInfo-styles__sizeS___3QCFz"
      >
        $29.99
      </div>
      <div
        className="src-components-StoreCapsuleL-styles__platforms___39W1F"
      >
        <span />
        <span
          className="src-components-StoreCapsuleL-styles__platformLinux___1JZMU src-components-Icons-styles__LinuxAfter___2-AlG src-components-Icons-styles__iconAfter___1eJ3U src-components-Icons-styles__faBrandsAfter___GCBCF"
        />
      </div>
    </div>
  </div>
</a>
`;
