// Jest Snapshot v1, https://goo.gl/fbAQLP

exports[`StoreFrontBlock-0 1`] = `
<div
  className="src-components-StoreFrontBlock-styles__StoreFrontBlock___10hiJ"
>
  Content
</div>
`;
